pmxrguest@PmxrGuest2 MINGW64 ~
$ cd C:/Users/pmxrguest/Downloads/kadai2

pmxrguest@PmxrGuest2 MINGW64 ~/Downloads/kadai2
$ mkdir git_challenge

pmxrguest@PmxrGuest2 MINGW64 ~/Downloads/kadai2
$ cd git_challenge

pmxrguest@PmxrGuest2 MINGW64 ~/Downloads/kadai2/git_challenge
$ git init
Initialized empty Git repository in C:/Users/pmxrguest/Downloads/kadai2/git_challenge/.git/

pmxrguest@PmxrGuest2 MINGW64 ~/Downloads/kadai2/git_challenge (main)
$ git add hello_world.txt

pmxrguest@PmxrGuest2 MINGW64 ~/Downloads/kadai2/git_challenge (main)
$ git commit -m "1回目"
[main (root-commit) 88eba0b] 1回目
 1 file changed, 1 insertion(+)
 create mode 100644 hello_world.txt

pmxrguest@PmxrGuest2 MINGW64 ~/Downloads/kadai2/git_challenge (main)
$ git add hello_world.txt

pmxrguest@PmxrGuest2 MINGW64 ~/Downloads/kadai2/git_challenge (main)
$ git commit -m "2回目"
[main 66e43b8] 2回目
 1 file changed, 2 insertions(+), 1 deletion(-)

pmxrguest@PmxrGuest2 MINGW64 ~/Downloads/kadai2/git_challenge (main)
$ git log
commit 66e43b8124d47ed6d71e895918cb341ca7b9149d (HEAD -> main)
Author: yuto-taira-pixel <yuto-taira@gr.paramix.co.jp>
Date:   Tue Apr 7 13:16:25 2026 +0900

    2回目

commit 88eba0ba8e849137a6569058a3e14aca0cdd6f52
Author: yuto-taira-pixel <yuto-taira@gr.paramix.co.jp>
Date:   Tue Apr 7 13:14:39 2026 +0900

    1回目
